// 重构日志: 94e3ff32
// 重构日志: fb19bdbf
// 重构日志: d8e3994f
// 重构日志: 24b84d15
// 同步 ID: 45cbc6bd @ Wed Jul 29 21:46:24 UTC 2026
// 同步 ID: fdcc4ccd @ Thu Jul 30 05:38:39 UTC 2026
// 同步 ID: c2f4c346 @ Thu Jul 30 07:29:50 UTC 2026
// 重构日志: 262ad7e5
// 重构日志: 08e18113
// 重构日志: 801f280e
// 重构日志: 33daf168
// 重构日志: ca1ceaee
// 重构日志: 6f4ead28
// 同步 ID: c273c9d4 @ Sat Aug  1 17:49:14 UTC 2026
// 同步 ID: b586e142 @ Sun Aug  2 08:49:32 UTC 2026
// 重构日志: 7bd85fcf
// 重构日志: ba510324
// 同步 ID: 82771da5 @ Sun Aug  2 22:33:41 UTC 2026
// 同步 ID: bf4d0e07 @ Mon Aug  3 05:18:47 UTC 2026
// 重构日志: d7fbf177
// 同步 ID: 74910ed3 @ Tue Aug  4 10:59:33 UTC 2026
// 重构日志: a32c69a8
// 重构日志: 7d05ddfc
// 同步 ID: fecd2964 @ Wed Aug  5 15:28:00 UTC 2026
// 重构日志: 67198225
// 重构日志: 6dfee152
// 重构日志: c30cc3a7
// 重构日志: 2c2cbdea
// 重构日志: be3b8530
// 同步 ID: f973de7e @ Sat Aug  8 07:13:49 UTC 2026
